// Vitest Snapshot v1, https://vitest.dev/guide/snapshot.html

exports[`GIVEN a root example page > SHOULD display successfully 1`] = `
<DocumentFragment>
  <header>
    <nav
      class="w-full flex flex-row justify-center items-center my-4"
    >
      <ul
        class="flex flex-row gap-4"
      >
        <li>
          <a
            href="/"
          >
            Homepage
          </a>
        </li>
        <li>
          <a
            href="/css-props"
          >
            CSS Properties
          </a>
        </li>
        <li>
          <a
            href="/typed-om"
          >
            Typed OM
          </a>
        </li>
        <li>
          <a
            href="/paint-api"
          >
            Paint API
          </a>
        </li>
        <li>
          <a
            href="/layout-api"
          >
            Layout API
          </a>
        </li>
      </ul>
    </nav>
  </header>
  <main
    class="content"
  >
    <h1>
      Tusam Styles
    </h1>
    <h2>
      Behold!, for the magic you are about to see
    </h2>
  </main>
  <footer
    class="flex flex-row items-center justify-center my-8"
  >
    Â© 2025 Tusam Styles
  </footer>
</DocumentFragment>
`;
